// Jest Snapshot v1, https://goo.gl/fbAQLP

exports[`renders correctly 1`] = `
<RCTSafeAreaView
  emulateUnlessSupported={true}
>
  <View
    style={
      Object {
        "paddingVertical": 20,
      }
    }
  >
    <Text
      style={
        Object {
          "alignSelf": "center",
          "color": "#555",
          "fontSize": 25,
          "fontWeight": "bold",
        }
      }
    >
      React Native Template
    </Text>
  </View>
</RCTSafeAreaView>
`;
